<?xml version="1.0" encoding="UTF-8"?>
<testsuites name="Mocha Tests" time="2.043" tests="16" failures="0">
  <testsuite name="Root Suite" timestamp="2023-06-08T17:32:26" tests="0" time="0.000" failures="0">
  </testsuite>
  <testsuite name="Albums" timestamp="2023-06-08T17:32:26" tests="4" file="/Users/shiwanideshmukh/API-Automation/test/albumsTest.js" time="0.612" failures="0">
    <testcase name="Albums POST" time="0.284" classname="POST">
    </testcase>
    <testcase name="Albums GET /albums with query params" time="0.101" classname="GET /albums with query params">
    </testcase>
    <testcase name="Albums should set headers for a request" time="0.106" classname="should set headers for a request">
    </testcase>
    <testcase name="Albums should set the body for a request" time="0.115" classname="should set the body for a request">
    </testcase>
  </testsuite>
  <testsuite name="Comments" timestamp="2023-06-08T17:32:27" tests="4" file="/Users/shiwanideshmukh/API-Automation/test/commentsTest.js" time="0.539" failures="0">
    <testcase name="Comments GET /comments" time="0.115" classname="GET /comments">
    </testcase>
    <testcase name="Comments POST /comments" time="0.121" classname="POST /comments">
    </testcase>
    <testcase name="Comments should assert the response from a request" time="0.109" classname="should assert the response from a request">
    </testcase>
    <testcase name="Comments should use the response from one call in the request for another" time="0.191" classname="should use the response from one call in the request for another">
    </testcase>
  </testsuite>
  <testsuite name="Posts" timestamp="2023-06-08T17:32:27" tests="0" file="/Users/shiwanideshmukh/API-Automation/test/postsTest.js" time="0.000" failures="0">
  </testsuite>
  <testsuite name="POST" timestamp="2023-06-08T17:32:27" tests="1" file="/Users/shiwanideshmukh/API-Automation/test/postsTest.js" time="0.119" failures="0">
    <testcase name="Posts POST should create a post" time="0.118" classname="should create a post">
    </testcase>
  </testsuite>
  <testsuite name="GET" timestamp="2023-06-08T17:32:27" tests="2" file="/Users/shiwanideshmukh/API-Automation/test/postsTest.js" time="0.206" failures="0">
    <testcase name="Posts GET should get a post by id" time="0.113" classname="should get a post by id">
    </testcase>
    <testcase name="Posts GET should use the response from one call in the request for another" time="0.092" classname="should use the response from one call in the request for another">
    </testcase>
  </testsuite>
  <testsuite name="PUT" timestamp="2023-06-08T17:32:28" tests="1" file="/Users/shiwanideshmukh/API-Automation/test/postsTest.js" time="0.138" failures="0">
    <testcase name="Posts PUT should update a post" time="0.137" classname="should update a post">
    </testcase>
  </testsuite>
  <testsuite name="DELETE" timestamp="2023-06-08T17:32:28" tests="1" file="/Users/shiwanideshmukh/API-Automation/test/postsTest.js" time="0.121" failures="0">
    <testcase name="Posts DELETE should delete a post" time="0.119" classname="should delete a post">
    </testcase>
  </testsuite>
  <testsuite name="Users" timestamp="2023-06-08T17:32:28" tests="3" file="/Users/shiwanideshmukh/API-Automation/test/usersTest.js" time="0.307" failures="0">
    <testcase name="Users GET /users" time="0.090" classname="GET /users">
    </testcase>
    <testcase name="Users GET /users/:id" time="0.119" classname="GET /users/:id">
    </testcase>
    <testcase name="Users should assert the response from a request" time="0.094" classname="should assert the response from a request">
    </testcase>
  </testsuite>
</testsuites>